// Jest Snapshot v1, https://goo.gl/fbAQLP

exports[`testing App component matches snapshot 1`] = `
<div
  className="fullscreen"
>
  <div
    className="decor"
  >
    <t
      height="100%"
      params={
        Object {
          "interactivity": Object {
            "events": Object {
              "onhover": Object {
                "enable": true,
                "mode": "repulse",
              },
            },
          },
          "particles": Object {
            "line_linked": Object {
              "color": "#74e1da",
              "distance": 150,
              "enable": true,
              "opacity": 0.7,
              "width": 1,
            },
            "number": Object {
              "value": 100,
            },
            "size": Object {
              "value": 1,
            },
          },
        }
      }
      style={Object {}}
      width="100%"
    />
  </div>
  <header
    className="bigramParser"
  >
    <h1
      className="welcomeText"
    >
      Welcome GoHealth
    </h1>
    <div
      className="uploadContainer"
    >
      <p
        className="instructionText"
      >
        Please import the desired file you'd like to test
      </p>
      <div
        className="upload-btn-wrapper"
      >
        <form
          className="formcontainer"
          onSubmit={[Function]}
        >
          <input
            accept=".txt, .doc, .docx, .pdf"
            id="myfileid"
            name="myfile"
            type="file"
          />
          <input
            className="submitButton"
            type="submit"
            value="Submit"
          />
        </form>
      </div>
    </div>
  </header>
  <div
    className="histogram"
  />
</div>
`;
